// Jest Snapshot v1, https://goo.gl/fbAQLP

exports[`Menu Component match snapshots with the links 1`] = `
<div
  class="menuContainer"
  data-testid="menu-Navbar"
>
  <button
    class="menu__openMenuButton"
    data-testid="menuOpen-button"
    type="button"
  >
    <img
      src="test-file-stub"
    />
  </button>
  <nav />
</div>
`;
